// Jest Snapshot v1, https://goo.gl/fbAQLP

exports[`Pruebas en GifExpertAPP Debe hacer match con el snapshot 1`] = `
<div>
  <h1>
    GifExpertApp
  </h1>
  <form
    aria-label="gif-form"
  >
    <input
      placeholder="Buscar Gifs"
      type="text"
      value=""
    />
  </form>
  <h2>
    Haikyuu
  </h2>
  <h4>
    Cargando...
  </h4>
  <div
    class="card-grid"
  />
</div>
`;
