// Jest Snapshot v1, https://goo.gl/fbAQLP

exports[`Pruebas en GifGridItem Debe hacer match con el Snapshot 1`] = `
<div>
  <div
    class="card"
  >
    <img
      alt="Haikyuu"
      src="https://haykyuu.gif/"
    />
    <p>
      Haikyuu
    </p>
  </div>
</div>
`;
